[scf.so/index.html]
[normal.scf.so/index.html]
[cdn.amplitude.com/libs/amplitude-8.17.0-min.gz.js]
[backblue.gif]
[fade.gif]
[index.html]
[scf.so/friedrice.png]
[scf.so/chaofan_shou_not_so_fat_selfie.jpg]
[scf.so/jd_blockchain.txt]
[scf.so/ityfuzz.pdf]
[imgs.blur.io/_assets/homepage/logo.png]
[scf.so/nodle.svg]
[scf.so/swarm.png]
[scf.so/Aptos_wordmark_transparent_BLK.png]
[scf.so/deeper.png]
[scf.so/helium.png]
[normal.scf.so/about.html]
[scf.so/index.html]
[normal.scf.so/rsm.html]
[normal.scf.so/favicon.png]
[normal.scf.so/atom.xml]
[normal.scf.so/feed.json]
[normal.scf.so/sitemap.xml]
[normal.scf.so/stuff.html]
[normal.scf.so/2021/11/23/hotnet21.html]
[normal.scf.so/2021/07/30/digfuzz.html]
[normal.scf.so/2020/11/14/reluplex.html]
[normal.scf.so/index.html]
[normal.scf.so/2020/07/22/convex.html]
[scf.so/nodle.svg]
[normal.scf.so/assets/resume.html]
[scf-so.disqus.com/embed.js]
[normal.scf.so/about.html]
[assets.calendly.com/assets/external/widget.js]
[www.gstatic.com/firebasejs/7.15.5/firebase-app.js]
[www.gstatic.com/firebasejs/7.15.5/firebase-analytics.js]
[normal.scf.so/rsm.html]
[normal.scf.so/shouc.github.io/index.html]
[i.loli.net/2020/11/15/zMi6v5ABNqerRQ7.png]
[i.loli.net/2020/11/15/7syzZWetJdU2DgT.png]
[normal.scf.so/stuff.html]
[normal.scf.so/2021/11/23/shouc.github.io/2021/11/23/hotnet21.20.delayed]
[normal.scf.so/2021/11/23/shouc.github.io/feed.json]
[cdn.jsdelivr.net/npm/katex@0.11.1/dist/katex.min.css]
[cdn.jsdelivr.net/npm/katex@0.11.1/dist/katex.min.js]
[cdn.jsdelivr.net/npm/katex@0.11.1/dist/contrib/auto-render.min.js]
[normal.scf.so/tag/Note.25.delayed]
[normal.scf.so/tag/Network]
[normal.scf.so/assets/tcp.svg]
[normal.scf.so/assets/dns.svg]
[cdn.jsdelivr.net/gh/highlightjs/cdn-release@10.2.0/build/styles/default.min.css]
[normal.scf.so/2021/11/23/hotnet21.html]
[cdn.jsdelivr.net/gh/highlightjs/cdn-release@10.2.0/build/highlight.min.js]
[normal.scf.so/2021/07/30/shouc.github.io/2021/07/30/digfuzz]
[normal.scf.so/2021/07/30/shouc.github.io/feed.json]
[normal.scf.so/tag/Review]
[normal.scf.so/tag/Security]
[normal.scf.so/2021/07/30/digfuzz.html]
[normal.scf.so/2020/11/14/shouc.github.io/2020/11/14/reluplex]
[normal.scf.so/2020/11/14/shouc.github.io/feed.json]
[normal.scf.so/tag/PLSE]
[i.loli.net/2020/11/15/7mIUSG8EZHiv5CR.png]
[i.loli.net/2020/11/15/Ww2vJFhA61Vg4X5.png]
[i.loli.net/2020/11/15/qEv87Tnmi1pxVQ3.png]
[i.loli.net/2020/11/15/1pkFtnYwXmcVa4O.png]
[i.loli.net/2020/11/15/EtiX9YjKgVMZIRe.jpg]
[i.loli.net/2020/11/15/kv7TheMjZ8wKH3q.jpg]
[i.loli.net/2020/11/15/oVFR5qXOmNYwy1d.jpg]
[i.loli.net/2020/11/15/5FVz8gbGrcyCYsm.jpg]
[normal.scf.so/2020/11/14/reluplex.html]
[normal.scf.so/2020/07/22/shouc.github.io/2020/07/22/convex]
[normal.scf.so/2020/07/22/shouc.github.io/feed.json]
[normal.scf.so/tag/Math]
[normal.scf.so/2020/07/22/convex.html]
[scf.so/assets/resume.3d.delayed]
[normal.scf.so/assets/resume.html]
[normal.scf.so/2021/11/23/shouc.github.io/2021/11/23/hotnet21.html]
[normal.scf.so/2021/11/23/shouc.github.io/feed.html]
[cdn.jsdelivr.net/npm/katex@0.11.1/dist/fonts/KaTeX_AMS-Regular.woff2]
[cdn.jsdelivr.net/npm/katex@0.11.1/dist/fonts/KaTeX_AMS-Regular.woff]
[cdn.jsdelivr.net/npm/katex@0.11.1/dist/fonts/KaTeX_AMS-Regular.ttf]
[cdn.jsdelivr.net/npm/katex@0.11.1/dist/fonts/KaTeX_Caligraphic-Bold.woff2]
[cdn.jsdelivr.net/npm/katex@0.11.1/dist/fonts/KaTeX_Caligraphic-Bold.woff]
[cdn.jsdelivr.net/npm/katex@0.11.1/dist/fonts/KaTeX_Caligraphic-Bold.ttf]
[cdn.jsdelivr.net/npm/katex@0.11.1/dist/fonts/KaTeX_Caligraphic-Regular.woff2]
[cdn.jsdelivr.net/npm/katex@0.11.1/dist/fonts/KaTeX_Caligraphic-Regular.woff]
[cdn.jsdelivr.net/npm/katex@0.11.1/dist/fonts/KaTeX_Caligraphic-Regular.ttf]
[cdn.jsdelivr.net/npm/katex@0.11.1/dist/fonts/KaTeX_Fraktur-Bold.woff2]
[cdn.jsdelivr.net/npm/katex@0.11.1/dist/fonts/KaTeX_Fraktur-Bold.woff]
[cdn.jsdelivr.net/npm/katex@0.11.1/dist/fonts/KaTeX_Fraktur-Bold.ttf]
[cdn.jsdelivr.net/npm/katex@0.11.1/dist/fonts/KaTeX_Fraktur-Regular.woff2]
[cdn.jsdelivr.net/npm/katex@0.11.1/dist/fonts/KaTeX_Fraktur-Regular.woff]
[cdn.jsdelivr.net/npm/katex@0.11.1/dist/fonts/KaTeX_Fraktur-Regular.ttf]
[cdn.jsdelivr.net/npm/katex@0.11.1/dist/fonts/KaTeX_Main-Bold.woff2]
[cdn.jsdelivr.net/npm/katex@0.11.1/dist/fonts/KaTeX_Main-Bold.woff]
[cdn.jsdelivr.net/npm/katex@0.11.1/dist/fonts/KaTeX_Main-Bold.ttf]
[cdn.jsdelivr.net/npm/katex@0.11.1/dist/fonts/KaTeX_Main-BoldItalic.woff2]
[cdn.jsdelivr.net/npm/katex@0.11.1/dist/fonts/KaTeX_Main-BoldItalic.woff]
[cdn.jsdelivr.net/npm/katex@0.11.1/dist/fonts/KaTeX_Main-BoldItalic.ttf]
[cdn.jsdelivr.net/npm/katex@0.11.1/dist/fonts/KaTeX_Main-Italic.woff2]
[cdn.jsdelivr.net/npm/katex@0.11.1/dist/fonts/KaTeX_Main-Italic.woff]
[cdn.jsdelivr.net/npm/katex@0.11.1/dist/fonts/KaTeX_Main-Italic.ttf]
[cdn.jsdelivr.net/npm/katex@0.11.1/dist/fonts/KaTeX_Main-Regular.woff2]
[cdn.jsdelivr.net/npm/katex@0.11.1/dist/fonts/KaTeX_Main-Regular.woff]
[cdn.jsdelivr.net/npm/katex@0.11.1/dist/fonts/KaTeX_Main-Regular.ttf]
[cdn.jsdelivr.net/npm/katex@0.11.1/dist/fonts/KaTeX_Math-BoldItalic.woff2]
[cdn.jsdelivr.net/npm/katex@0.11.1/dist/fonts/KaTeX_Math-BoldItalic.woff]
[cdn.jsdelivr.net/npm/katex@0.11.1/dist/fonts/KaTeX_Math-BoldItalic.ttf]
[cdn.jsdelivr.net/npm/katex@0.11.1/dist/fonts/KaTeX_Math-Italic.woff2]
[cdn.jsdelivr.net/npm/katex@0.11.1/dist/fonts/KaTeX_Math-Italic.woff]
[cdn.jsdelivr.net/npm/katex@0.11.1/dist/fonts/KaTeX_Math-Italic.ttf]
[cdn.jsdelivr.net/npm/katex@0.11.1/dist/fonts/KaTeX_SansSerif-Bold.woff2]
[cdn.jsdelivr.net/npm/katex@0.11.1/dist/fonts/KaTeX_SansSerif-Bold.woff]
[cdn.jsdelivr.net/npm/katex@0.11.1/dist/fonts/KaTeX_SansSerif-Bold.ttf]
[cdn.jsdelivr.net/npm/katex@0.11.1/dist/fonts/KaTeX_SansSerif-Italic.woff2]
[cdn.jsdelivr.net/npm/katex@0.11.1/dist/fonts/KaTeX_SansSerif-Italic.woff]
[cdn.jsdelivr.net/npm/katex@0.11.1/dist/fonts/KaTeX_SansSerif-Italic.ttf]
[cdn.jsdelivr.net/npm/katex@0.11.1/dist/fonts/KaTeX_SansSerif-Regular.woff2]
[cdn.jsdelivr.net/npm/katex@0.11.1/dist/fonts/KaTeX_SansSerif-Regular.woff]
[cdn.jsdelivr.net/npm/katex@0.11.1/dist/fonts/KaTeX_SansSerif-Regular.ttf]
[cdn.jsdelivr.net/npm/katex@0.11.1/dist/fonts/KaTeX_Script-Regular.woff2]
[cdn.jsdelivr.net/npm/katex@0.11.1/dist/fonts/KaTeX_Script-Regular.woff]
[cdn.jsdelivr.net/npm/katex@0.11.1/dist/fonts/KaTeX_Script-Regular.ttf]
[cdn.jsdelivr.net/npm/katex@0.11.1/dist/fonts/KaTeX_Size1-Regular.woff2]
[cdn.jsdelivr.net/npm/katex@0.11.1/dist/fonts/KaTeX_Size1-Regular.woff]
[cdn.jsdelivr.net/npm/katex@0.11.1/dist/fonts/KaTeX_Size1-Regular.ttf]
[cdn.jsdelivr.net/npm/katex@0.11.1/dist/fonts/KaTeX_Size2-Regular.woff2]
[cdn.jsdelivr.net/npm/katex@0.11.1/dist/fonts/KaTeX_Size2-Regular.woff]
[cdn.jsdelivr.net/npm/katex@0.11.1/dist/fonts/KaTeX_Size2-Regular.ttf]
[cdn.jsdelivr.net/npm/katex@0.11.1/dist/fonts/KaTeX_Size3-Regular.woff2]
[cdn.jsdelivr.net/npm/katex@0.11.1/dist/fonts/KaTeX_Size3-Regular.woff]
[cdn.jsdelivr.net/npm/katex@0.11.1/dist/fonts/KaTeX_Size3-Regular.ttf]
[cdn.jsdelivr.net/npm/katex@0.11.1/dist/fonts/KaTeX_Size4-Regular.woff2]
[cdn.jsdelivr.net/npm/katex@0.11.1/dist/fonts/KaTeX_Size4-Regular.woff]
[cdn.jsdelivr.net/npm/katex@0.11.1/dist/fonts/KaTeX_Size4-Regular.ttf]
[cdn.jsdelivr.net/npm/katex@0.11.1/dist/fonts/KaTeX_Typewriter-Regular.woff2]
[cdn.jsdelivr.net/npm/katex@0.11.1/dist/fonts/KaTeX_Typewriter-Regular.woff]
[cdn.jsdelivr.net/npm/katex@0.11.1/dist/katex.min.css]
[normal.scf.so/tag/Note.html]
[normal.scf.so/tag/Network.html]
[cdn.jsdelivr.net/npm/katex@0.11.1/dist/fonts/KaTeX_Typewriter-Regular.ttf]
[normal.scf.so/assets/tcp.svg]
[normal.scf.so/assets/dns.svg]
[cdn.jsdelivr.net/gh/highlightjs/cdn-release@10.2.0/build/styles/default.min.css]
[normal.scf.so/2021/07/30/shouc.github.io/2021/07/30/digfuzz.html]
[normal.scf.so/2021/07/30/shouc.github.io/feed.html]
[normal.scf.so/tag/Review.html]
[normal.scf.so/tag/Security.html]
[normal.scf.so/2020/11/14/shouc.github.io/2020/11/14/reluplex.html]
[normal.scf.so/2020/11/14/shouc.github.io/feed.html]
[normal.scf.so/tag/PLSE.html]
[normal.scf.so/2020/07/22/shouc.github.io/2020/07/22/convex.html]
[normal.scf.so/2020/07/22/shouc.github.io/feed.html]
[normal.scf.so/tag/Math.html]
[scf.so/assets/resume.html]
